[stdin]
SyntaxError: 'with' statements are not allowed in strict mode
   at exports.runInThisContext (vm.js:*)
   at Anonymous function ([stdin]-wrapper:*:*)
   at Module.prototype._compile (module.js:*:*)
   at Anonymous function (bootstrap_node.js:*:*)
   at runCallback (timers.js:*:*)
   at tryOnImmediate (timers.js:*:*)
   at processImmediate (timers.js:*:*)
42
42
Error: hello
   at Global code ([stdin]:*)
   at Script.prototype.runInThisContext (vm.js:*:*)         
   at exports.runInThisContext (vm.js:*)
   at Anonymous function ([stdin]-wrapper:*:*)
   at Module.prototype._compile (module.js:*:*)
   at Anonymous function (bootstrap_node.js:*:*)
   at runCallback (timers.js:*:*)
   at tryOnImmediate (timers.js:*:*)
   at processImmediate (timers.js:*:*)
Error: hello
   at Global code ([stdin]:*)
   at Script.prototype.runInThisContext (vm.js:*:*)         
   at exports.runInThisContext (vm.js:*)
   at Anonymous function ([stdin]-wrapper:*:*)
   at Module.prototype._compile (module.js:*:*)
   at Anonymous function (bootstrap_node.js:*:*)
   at runCallback (timers.js:*:*)
   at tryOnImmediate (timers.js:*:*)
   at processImmediate (timers.js:*:*)
100
ReferenceError: Variable undefined in strict mode
   at Global code ([stdin]:*)
   at Script.prototype.runInThisContext (vm.js:*:*)         
   at exports.runInThisContext (vm.js:*)
   at Anonymous function ([stdin]-wrapper:*:*)
   at Module.prototype._compile (module.js:*:*)
   at Anonymous function (bootstrap_node.js:*:*)
   at runCallback (timers.js:*:*)
   at tryOnImmediate (timers.js:*:*)
   at processImmediate (timers.js:*:*)
10
10
done
